MARK BELOW 80:

MariaDB [task]> create table  mark(
    -> regno int,
    -> name varchar(90),
    -> marks int);
Query OK, 0 rows affected (0.010 sec)

MariaDB [task]> insert into  mark values(1,'Ayesha',90),(2,'Ayushi',99),(3,'janaki',81),(4,'mythili',76),(5,'zara',80);
Query OK, 5 rows affected (0.003 sec)
Records: 5  Duplicates: 0  Warnings: 0

 
MariaDB [task]> select * from mark;
+-------+---------+-------+
| regno | name    | marks |
+-------+---------+-------+
|     1 | Ayesha  |    90 |
|     2 | Ayushi  |    99 |
|     3 | janaki  |    81 |
|     4 | mythili |    76 |
|     5 | zara    |    80 |
+-------+---------+-------+
5 rows in set (0.000 sec)

MariaDB [task]> select marks from mark where marks<80;
+-------+
| marks |
+-------+
|    76 |
+-------+
------------------------------------------------------------------------------------------------------------------------------------------------------------------------------------------------------
ASCENDING ORDER:

MariaDB [task]> select * from courses;
ERROR 1146 (42S02): Table 'task.courses' doesn't exist
MariaDB [task]> select * from course;
+----------+------------+----------------+-----------+
| courseid | coursename | instructorname | coursefee |
+----------+------------+----------------+-----------+
|      111 | java       | neil           |     10000 |
|      222 | python     | ayush          |     10000 |
|      333 | linux      | ved            |     10000 |
|      444 | cpp        | soha           |     10000 |
|      555 | dsa        | saha           |     10000 |
+----------+------------+----------------+-----------+
5 rows in set (0.000 sec)

MariaDB [task]> update course set coursefee=30000 where courseid=222;
Query OK, 1 row affected (0.002 sec)
Rows matched: 1  Changed: 1  Warnings: 0

MariaDB [task]> update course set coursefee=30000 where courseid=333;
Query OK, 1 row affected (0.001 sec)
Rows matched: 1  Changed: 1  Warnings: 0

MariaDB [task]> update course set coursefee=70000 where courseid=555,
    -> select * from course;

MariaDB [task]> select * from course order by coursefee;
+----------+------------+----------------+-----------+
| courseid | coursename | instructorname | coursefee |
+----------+------------+----------------+-----------+
|      111 | java       | neil           |     10000 |
|      444 | cpp        | soha           |     10000 |
|      222 | python     | ayush          |     30000 |
|      333 | linux      | ved            |     30000 |
|      555 | dsa        | saha           |     70000 |
+----------+------------+----------------+-----------+
5 rows in set (0.001 sec)

MariaDB [task]> select coursefee from course order by coursefee;
+-----------+
| coursefee |
+-----------+
|     10000 |
|     10000 |
|     30000 |
|     30000 |
|     70000 |
+-----------+
5 rows in set (0.000 sec)
--------------------------------------------------------------------------------------------------------------------------------------------------------------------------------------------------------------
KEYWORDS LIKE:

MariaDB [task]> create table books(
    -> BookId int,
    -> BookName varchar(90),
    -> BookCount int);
Query OK, 0 rows affected (0.009 sec)


MariaDB [task]> insert into books values(111,'ThenaliRaman Stories',500),(222,'Fairy Tales',700),(333,'TheJungleBook',600),(444,'BhagavadGita',900),(555,'Bible',800);
Query OK, 5 rows affected (0.002 sec)
Records: 5  Duplicates: 0  Warnings: 0

MariaDB [task]> select * from books;
+--------+----------------------+-----------+
| BookId | BookName             | BookCount |
+--------+----------------------+-----------+
|    111 | ThenaliRaman Stories |       500 |
|    222 | Fairy Tales          |       700 |
|    333 | TheJungleBook        |       600 |
|    444 | BhagavadGita         |       900 |
|    555 | Bible                |       800 |
+--------+----------------------+-----------+
5 rows in set (0.000 sec)

MariaDB [task]> select * from books where BookName like '%b';
Empty set (0.000 sec)

MariaDB [task]> select * from books where BookName like 'b%';
+--------+--------------+-----------+
| BookId | BookName     | BookCount |
+--------+--------------+-----------+
|    444 | BhagavadGita |       900 |
|    555 | Bible        |       800 |
+--------+--------------+-----------+
2 rows in set (0.000 sec)

MariaDB [task]> select * from books where BookName like '%a%';
+--------+----------------------+-----------+
| BookId | BookName             | BookCount |
+--------+----------------------+-----------+
|    111 | ThenaliRaman Stories |       500 |
|    222 | Fairy Tales          |       700 |
|    444 | BhagavadGita         |       900 |
+--------+----------------------+-----------+
3 rows in set (0.001 sec)

MariaDB [task]> select * from books where BookName like '%s';
+--------+----------------------+-----------+
| BookId | BookName             | BookCount |
+--------+----------------------+-----------+
|    111 | ThenaliRaman Stories |       500 |
|    222 | Fairy Tales          |       700 |
+--------+----------------------+-----------+
2 rows in set (0.000 sec)
----------------------------------------------------------------------------------------------------------------------------------------------------------------------------------------------------
MAIN PROGRAM:
FILTERING
MariaDB [task]> create table employee(
    -> Customerid int,
    -> Firstname varchar(10),
    -> city varchar(10),
    -> age int);
Query OK, 0 rows affected (0.012 sec)

MariaDB [task]> insert into employee values(1,'john','newyork',23),(2,'charle','newyork',23),(3,'wales','denmark',25);
Query OK, 3 rows affected (0.003 sec)
Records: 3  Duplicates: 0  Warnings: 0

MariaDB [task]> select * from employee;
+------------+-----------+---------+------+
| Customerid | Firstname | city    | age  |
+------------+-----------+---------+------+
|          1 | john      | newyork |   23 |
|          2 | charle    | newyork |   23 |
|          3 | wales     | denmark |   25 |
+------------+-----------+---------+------+
3 rows in set (0.000 sec)

MariaDB [task]> select * from employee where city='denmark';
+------------+-----------+---------+------+
| Customerid | Firstname | city    | age  |
+------------+-----------+---------+------+
|          3 | wales     | denmark |   25 |
+------------+-----------+---------+------+
1 row in set (0.000 sec)

----------------------------------------------------------------------------------------------------------------------------------------------------------------------------------------------------
